// Jest Snapshot v1, https://goo.gl/fbAQLP

exports[`Icon renders 1`] = `
<img
  height=""
  width=""
/>
`;

exports[`Icon should render academy icon 1`] = `
<img
  height=""
  width=""
/>
`;

exports[`Icon should render arrow icon 1`] = `
<img
  height=""
  width=""
/>
`;

exports[`Icon should render baby icon 1`] = `
<img
  height=""
  width=""
/>
`;

exports[`Icon should render car icon 1`] = `
<img
  height=""
  width=""
/>
`;

exports[`Icon should render dollar icon 1`] = `
<img
  height=""
  width=""
/>
`;

exports[`Icon should render house icon 1`] = `
<img
  height=""
  width=""
/>
`;

exports[`Icon should render loading icon 1`] = `
<img
  height=""
  width=""
/>
`;

exports[`Icon should render logo icon 1`] = `
<img
  height=""
  width=""
/>
`;

exports[`Icon should render piggy icon 1`] = `
<img
  height=""
  width=""
/>
`;

exports[`Icon should render tip icon 1`] = `
<img
  height=""
  width=""
/>
`;

exports[`Icon should render vacation icon 1`] = `
<img
  height=""
  width=""
/>
`;

exports[`Icon should render vault icon 1`] = `
<img
  height=""
  width=""
/>
`;

exports[`Icon should render wedding icon 1`] = `
<img
  height=""
  width=""
/>
`;
