// Jest Snapshot v1, https://goo.gl/fbAQLP

exports[`Header renders 1`] = `
<styled.h1
  hard={false}
>
  This is my header
</styled.h1>
`;

exports[`Header when icon title should render all elements 1`] = `
<styled.h1
  hard={false}
  noMargin={true}
>
  <Icon
    name="arrow"
  />
  <br />
  <Title>
    My title
  </Title>
  <Description>
    Subdescription
  </Description>
</styled.h1>
`;
